============================================================
UE 4.27 UAsset Parser, Exporter, and Level Previewer
============================================================
Input:  D:\uassets\unreal-assets-to-glb\Input
Output: D:\uassets\unreal-assets-to-glb\Export
WARNING: No .uproject file found in input directory
Found 598 .uasset files, 3 .umap files
Classified: 157 meshes, 183 textures, 258 other
Textures to export: 183
  T_RGB_Decal01_M: ERROR Expected 4 bytes, got 0 at position 251658266
  T_RGB_Decal0_M: ERROR Expected 4 bytes, got 0 at position 251658266
  Saved texture cache (181 textures) to D:\uassets\unreal-assets-to-glb\Export\texture_cache.pkl
[DEBUG] StaticMesh export index: 5
[DEBUG] Trying uncooked export-serial FMeshDescription path...
[uncooked] Decompressed FMeshDescription: 5,318 bytes
[uncooked] Parsed: 18 vertices, 63 vertex instances, 0 triangles
[DEBUG] Uncooked path OK: 18 verts, 21 tris
[DEBUG] StaticMesh export index: 5
[DEBUG] Trying uncooked export-serial FMeshDescription path...
[uncooked] Decompressed FMeshDescription: 5,811 bytes
[uncooked] Parsed: 21 vertices, 69 vertex instances, 0 triangles
[DEBUG] Uncooked path OK: 21 verts, 23 tris
[DEBUG] StaticMesh export index: 5
[DEBUG] Trying uncooked export-serial FMeshDescription path...
[uncooked] Decompressed FMeshDescription: 3,561 bytes
[uncooked] Parsed: 13 vertices, 39 vertex instances, 0 triangles
[DEBUG] Uncooked path OK: 13 verts, 13 tris
[DEBUG] StaticMesh export index: 5
[DEBUG] Trying uncooked export-serial FMeshDescription path...
[uncooked] Decompressed FMeshDescription: 6,041 bytes
[uncooked] Parsed: 22 vertices, 72 vertex instances, 0 triangles
[DEBUG] Uncooked path OK: 22 verts, 24 tris
[DEBUG] StaticMesh export index: 5
[DEBUG] Trying uncooked export-serial FMeshDescription path...
[uncooked] Decompressed FMeshDescription: 36,738 bytes
[uncooked] Parsed: 125 vertices, 486 vertex instances, 0 triangles
[DEBUG] Uncooked path OK: 125 verts, 162 tris
[DEBUG] StaticMesh export index: 5
[DEBUG] Trying uncooked export-serial FMeshDescription path...
[uncooked] Decompressed FMeshDescription: 355,896 bytes
[uncooked] Parsed: 862 vertices, 4920 vertex instances, 0 triangles
[DEBUG] Uncooked path OK: 862 verts, 1640 tris
[DEBUG] StaticMesh export index: 5
[DEBUG] Trying uncooked export-serial FMeshDescription path...
[uncooked] Decompressed FMeshDescription: 278,044 bytes
[uncooked] Parsed: 682 vertices, 3840 vertex instances, 0 triangles
[DEBUG] Uncooked path OK: 682 verts, 1280 tris
[DEBUG] StaticMesh export index: 5
[DEBUG] Trying uncooked export-serial FMeshDescription path...
[uncooked] Decompressed FMeshDescription: 278,044 bytes
[uncooked] Parsed: 682 vertices, 3840 vertex instances, 0 triangles
[DEBUG] Uncooked path OK: 682 verts, 1280 tris
[DEBUG] StaticMesh export index: 5
[DEBUG] Trying uncooked export-serial FMeshDescription path...
[uncooked] Decompressed FMeshDescription: 171,876 bytes
[uncooked] Parsed: 398 vertices, 2376 vertex instances, 0 triangles
[DEBUG] Uncooked path OK: 398 verts, 792 tris
[DEBUG] StaticMesh export index: 5
[DEBUG] Trying uncooked export-serial FMeshDescription path...
[uncooked] Decompressed FMeshDescription: 234,152 bytes
[uncooked] Parsed: 542 vertices, 3240 vertex instances, 0 triangles
[DEBUG] Uncooked path OK: 542 verts, 1080 tris
[DEBUG] StaticMesh export index: 5
[DEBUG] Trying uncooked export-serial FMeshDescription path...
[uncooked] Decompressed FMeshDescription: 260,080 bytes
[uncooked] Parsed: 542 vertices, 3240 vertex instances, 0 triangles
[DEBUG] Uncooked path OK: 542 verts, 1080 tris
[DEBUG] StaticMesh export index: 5
[DEBUG] Trying uncooked export-serial FMeshDescription path...
[uncooked] Decompressed FMeshDescription: 9,808 bytes
[uncooked] Parsed: 40 vertices, 120 vertex instances, 0 triangles
[DEBUG] Uncooked path OK: 40 verts, 40 tris
[DEBUG] StaticMesh export index: 5
[DEBUG] Trying uncooked export-serial FMeshDescription path...
[uncooked] Decompressed FMeshDescription: 208,164 bytes
[uncooked] Parsed: 480 vertices, 2880 vertex instances, 0 triangles
[DEBUG] Uncooked path OK: 480 verts, 960 tris
[DEBUG] StaticMesh export index: 5
[DEBUG] Trying uncooked export-serial FMeshDescription path...
[uncooked] Decompressed FMeshDescription: 190,872 bytes
[uncooked] Parsed: 440 vertices, 2640 vertex instances, 0 triangles
[DEBUG] Uncooked path OK: 440 verts, 880 tris
[DEBUG] StaticMesh export index: 5
[DEBUG] Trying uncooked export-serial FMeshDescription path...
[uncooked] Decompressed FMeshDescription: 147,652 bytes
[uncooked] Parsed: 342 vertices, 2040 vertex instances, 0 triangles
[DEBUG] Uncooked path OK: 342 verts, 680 tris
[DEBUG] StaticMesh export index: 5
[DEBUG] Trying uncooked export-serial FMeshDescription path...
[uncooked] Decompressed FMeshDescription: 137,596 bytes
[uncooked] Parsed: 338 vertices, 1896 vertex instances, 0 triangles
[DEBUG] Uncooked path OK: 338 verts, 632 tris
[DEBUG] StaticMesh export index: 5
[DEBUG] Trying uncooked export-serial FMeshDescription path...
[uncooked] Decompressed FMeshDescription: 755,517 bytes
[uncooked] Parsed: 1850 vertices, 10428 vertex instances, 0 triangles
[DEBUG] Uncooked path OK: 1850 verts, 3476 tris
[DEBUG] StaticMesh export index: 5
[DEBUG] Trying uncooked export-serial FMeshDescription path...
[uncooked] Decompressed FMeshDescription: 1,133,957 bytes
[uncooked] Parsed: 2974 vertices, 15570 vertex instances, 0 triangles
[DEBUG] Uncooked path OK: 2974 verts, 5190 tris
[DEBUG] StaticMesh export index: 5
[DEBUG] Trying uncooked export-serial FMeshDescription path...
[uncooked] Decompressed FMeshDescription: 100,367 bytes
[uncooked] Parsed: 241 vertices, 1380 vertex instances, 0 triangles
[DEBUG] Uncooked path OK: 241 verts, 460 tris
[DEBUG] StaticMesh export index: 5
[DEBUG] Trying uncooked export-serial FMeshDescription path...
[uncooked] Decompressed FMeshDescription: 100,367 bytes
[uncooked] Parsed: 241 vertices, 1380 vertex instances, 0 triangles
[DEBUG] Uncooked path OK: 241 verts, 460 tris
[DEBUG] StaticMesh export index: 5
[DEBUG] Trying uncooked export-serial FMeshDescription path...
[uncooked] Decompressed FMeshDescription: 100,367 bytes
[uncooked] Parsed: 241 vertices, 1380 vertex instances, 0 triangles
[DEBUG] Uncooked path OK: 241 verts, 460 tris
[DEBUG] StaticMesh export index: 5
[DEBUG] Trying uncooked export-serial FMeshDescription path...
[uncooked] Decompressed FMeshDescription: 100,368 bytes
[uncooked] Parsed: 241 vertices, 1380 vertex instances, 0 triangles
[DEBUG] Uncooked path OK: 241 verts, 460 tris
[DEBUG] StaticMesh export index: 5
[DEBUG] Trying uncooked export-serial FMeshDescription path...
[uncooked] Decompressed FMeshDescription: 100,368 bytes
[uncooked] Parsed: 241 vertices, 1380 vertex instances, 0 triangles
[DEBUG] Uncooked path OK: 241 verts, 460 tris
[DEBUG] StaticMesh export index: 5
[DEBUG] Trying uncooked export-serial FMeshDescription path...
[uncooked] Decompressed FMeshDescription: 357,838 bytes
[uncooked] Parsed: 841 vertices, 4950 vertex instances, 0 triangles
[DEBUG] Uncooked path OK: 841 verts, 1650 tris
[DEBUG] StaticMesh export index: 5
[DEBUG] Trying uncooked export-serial FMeshDescription path...
[uncooked] Decompressed FMeshDescription: 2,041,569 bytes
[uncooked] Parsed: 4721 vertices, 28314 vertex instances, 0 triangles
[DEBUG] Uncooked path OK: 4721 verts, 9438 tris
[DEBUG] StaticMesh export index: 5
[DEBUG] Trying uncooked export-serial FMeshDescription path...
[uncooked] Decompressed FMeshDescription: 469,484 bytes
[uncooked] Parsed: 1108 vertices, 6495 vertex instances, 0 triangles
[DEBUG] Uncooked path OK: 1108 verts, 2165 tris
[DEBUG] StaticMesh export index: 5
[DEBUG] Trying uncooked export-serial FMeshDescription path...
[uncooked] Decompressed FMeshDescription: 468,765 bytes
[uncooked] Parsed: 1104 vertices, 6486 vertex instances, 0 triangles
[DEBUG] Uncooked path OK: 1104 verts, 2162 tris
[DEBUG] StaticMesh export index: 5
[DEBUG] Trying uncooked export-serial FMeshDescription path...
[uncooked] Decompressed FMeshDescription: 995,120 bytes
[uncooked] Parsed: 2335 vertices, 13782 vertex instances, 0 triangles
[DEBUG] Uncooked path OK: 2335 verts, 4594 tris
[DEBUG] StaticMesh export index: 5
[DEBUG] Trying uncooked export-serial FMeshDescription path...
[uncooked] Decompressed FMeshDescription: 995,120 bytes
[uncooked] Parsed: 2335 vertices, 13782 vertex instances, 0 triangles
[DEBUG] Uncooked path OK: 2335 verts, 4594 tris
[DEBUG] StaticMesh export index: 5
[DEBUG] Trying uncooked export-serial FMeshDescription path...
[uncooked] Decompressed FMeshDescription: 23,983 bytes
[uncooked] Parsed: 56 vertices, 324 vertex instances, 0 triangles
[DEBUG] Uncooked path OK: 56 verts, 108 tris
[DEBUG] StaticMesh export index: 5
[DEBUG] Trying uncooked export-serial FMeshDescription path...
[uncooked] Decompressed FMeshDescription: 147,672 bytes
[uncooked] Parsed: 342 vertices, 2040 vertex instances, 0 triangles
[DEBUG] Uncooked path OK: 342 verts, 680 tris
[DEBUG] StaticMesh export index: 5
[DEBUG] Trying uncooked export-serial FMeshDescription path...
[uncooked] Decompressed FMeshDescription: 147,700 bytes
[uncooked] Parsed: 342 vertices, 2040 vertex instances, 0 triangles
[DEBUG] Uncooked path OK: 342 verts, 680 tris
[DEBUG] StaticMesh export index: 5
[DEBUG] Trying uncooked export-serial FMeshDescription path...
[uncooked] Decompressed FMeshDescription: 393,786 bytes
[uncooked] Parsed: 926 vertices, 5448 vertex instances, 0 triangles
[DEBUG] Uncooked path OK: 926 verts, 1816 tris
[DEBUG] StaticMesh export index: 5
[DEBUG] Trying uncooked export-serial FMeshDescription path...
[uncooked] Decompressed FMeshDescription: 283,265 bytes
[uncooked] Parsed: 663 vertices, 3918 vertex instances, 0 triangles
[DEBUG] Uncooked path OK: 663 verts, 1306 tris
[DEBUG] StaticMesh export index: 5
[DEBUG] Trying uncooked export-serial FMeshDescription path...
[uncooked] Decompressed FMeshDescription: 207,379 bytes
[uncooked] Parsed: 482 vertices, 2868 vertex instances, 0 triangles
[DEBUG] Uncooked path OK: 482 verts, 956 tris
[DEBUG] StaticMesh export index: 5
[DEBUG] Trying uncooked export-serial FMeshDescription path...
[uncooked] Decompressed FMeshDescription: 488,232 bytes
[uncooked] Parsed: 1161 vertices, 6753 vertex instances, 0 triangles
[DEBUG] Uncooked path OK: 1161 verts, 2251 tris
[DEBUG] StaticMesh export index: 5
[DEBUG] Trying uncooked export-serial FMeshDescription path...
[uncooked] Decompressed FMeshDescription: 194,974 bytes
[uncooked] Parsed: 623 vertices, 2622 vertex instances, 0 triangles
[DEBUG] Uncooked path OK: 623 verts, 874 tris
[DEBUG] StaticMesh export index: 5
[DEBUG] Trying uncooked export-serial FMeshDescription path...
[uncooked] Decompressed FMeshDescription: 182,256 bytes
[uncooked] Parsed: 422 vertices, 2520 vertex instances, 0 triangles
[DEBUG] Uncooked path OK: 422 verts, 840 tris
[DEBUG] StaticMesh export index: 5
[DEBUG] Trying uncooked export-serial FMeshDescription path...
[uncooked] Decompressed FMeshDescription: 9,729 bytes
[uncooked] Parsed: 24 vertices, 126 vertex instances, 0 triangles
[DEBUG] Uncooked path OK: 24 verts, 42 tris
[DEBUG] StaticMesh export index: 5
[DEBUG] Trying uncooked export-serial FMeshDescription path...
[uncooked] Decompressed FMeshDescription: 48,262 bytes
[uncooked] Parsed: 114 vertices, 660 vertex instances, 0 triangles
[DEBUG] Uncooked path OK: 114 verts, 220 tris
[DEBUG] StaticMesh export index: 5
[DEBUG] Trying uncooked export-serial FMeshDescription path...
[uncooked] Decompressed FMeshDescription: 61,687 bytes
[uncooked] Parsed: 146 vertices, 846 vertex instances, 0 triangles
[DEBUG] Uncooked path OK: 146 verts, 282 tris
[DEBUG] StaticMesh export index: 5
[DEBUG] Trying uncooked export-serial FMeshDescription path...
[uncooked] Decompressed FMeshDescription: 60,825 bytes
[uncooked] Parsed: 144 vertices, 834 vertex instances, 0 triangles
[DEBUG] Uncooked path OK: 144 verts, 278 tris
[DEBUG] StaticMesh export index: 5
[DEBUG] Trying uncooked export-serial FMeshDescription path...
[uncooked] Decompressed FMeshDescription: 30,229 bytes
[uncooked] Parsed: 76 vertices, 408 vertex instances, 0 triangles
[DEBUG] Uncooked path OK: 76 verts, 136 tris
[DEBUG] StaticMesh export index: 5
[DEBUG] Trying uncooked export-serial FMeshDescription path...
[uncooked] Decompressed FMeshDescription: 33,949 bytes
[uncooked] Parsed: 80 vertices, 462 vertex instances, 0 triangles
[DEBUG] Uncooked path OK: 80 verts, 154 tris
[DEBUG] StaticMesh export index: 5
[DEBUG] Trying uncooked export-serial FMeshDescription path...
[uncooked] Decompressed FMeshDescription: 9,729 bytes
[uncooked] Parsed: 24 vertices, 126 vertex instances, 0 triangles
[DEBUG] Uncooked path OK: 24 verts, 42 tris
[DEBUG] StaticMesh export index: 5
[DEBUG] Trying uncooked export-serial FMeshDescription path...
[uncooked] Decompressed FMeshDescription: 38,672 bytes
[uncooked] Parsed: 74 vertices, 432 vertex instances, 0 triangles
[DEBUG] Uncooked path OK: 74 verts, 144 tris
[DEBUG] StaticMesh export index: 5
[DEBUG] Trying uncooked export-serial FMeshDescription path...
[uncooked] Decompressed FMeshDescription: 24,930 bytes
[uncooked] Parsed: 48 vertices, 276 vertex instances, 0 triangles
[DEBUG] Uncooked path OK: 48 verts, 92 tris
[DEBUG] StaticMesh export index: 5
[DEBUG] Trying uncooked export-serial FMeshDescription path...
[uncooked] Decompressed FMeshDescription: 132,374 bytes
[uncooked] Parsed: 444 vertices, 1764 vertex instances, 0 triangles
[DEBUG] Uncooked path OK: 444 verts, 588 tris
[DEBUG] StaticMesh export index: 5
[DEBUG] Trying uncooked export-serial FMeshDescription path...
[uncooked] Decompressed FMeshDescription: 825,697 bytes
[uncooked] Parsed: 2048 vertices, 11376 vertex instances, 0 triangles
[DEBUG] Uncooked path OK: 2048 verts, 3792 tris
[DEBUG] StaticMesh export index: 5
[DEBUG] Trying uncooked export-serial FMeshDescription path...
[uncooked] Decompressed FMeshDescription: 120,750 bytes
[uncooked] Parsed: 305 vertices, 1656 vertex instances, 0 triangles
[DEBUG] Uncooked path OK: 305 verts, 552 tris
[DEBUG] StaticMesh export index: 5
[DEBUG] Trying uncooked export-serial FMeshDescription path...
[uncooked] Decompressed FMeshDescription: 120,750 bytes
[uncooked] Parsed: 305 vertices, 1656 vertex instances, 0 triangles
[DEBUG] Uncooked path OK: 305 verts, 552 tris
[DEBUG] StaticMesh export index: 5
[DEBUG] Trying uncooked export-serial FMeshDescription path...
[uncooked] Decompressed FMeshDescription: 39,526 bytes
[uncooked] Parsed: 92 vertices, 540 vertex instances, 0 triangles
[DEBUG] Uncooked path OK: 92 verts, 180 tris
[DEBUG] StaticMesh export index: 5
[DEBUG] Trying uncooked export-serial FMeshDescription path...
[uncooked] Decompressed FMeshDescription: 23,962 bytes
[uncooked] Parsed: 56 vertices, 324 vertex instances, 0 triangles
[DEBUG] Uncooked path OK: 56 verts, 108 tris
[DEBUG] StaticMesh export index: 5
[DEBUG] Trying uncooked export-serial FMeshDescription path...
[uncooked] Decompressed FMeshDescription: 35,200 bytes
[uncooked] Parsed: 82 vertices, 480 vertex instances, 0 triangles
[DEBUG] Uncooked path OK: 82 verts, 160 tris
[DEBUG] StaticMesh export index: 5
[DEBUG] Trying uncooked export-serial FMeshDescription path...
[uncooked] Decompressed FMeshDescription: 1,536,245 bytes
[uncooked] Parsed: 3682 vertices, 21249 vertex instances, 0 triangles
[DEBUG] Uncooked path OK: 3682 verts, 7083 tris
[DEBUG] StaticMesh export index: 5
[DEBUG] Trying uncooked export-serial FMeshDescription path...
[uncooked] Decompressed FMeshDescription: 87,983 bytes
[uncooked] Parsed: 204 vertices, 1212 vertex instances, 0 triangles
[DEBUG] Uncooked path OK: 204 verts, 404 tris
[DEBUG] StaticMesh export index: 5
[DEBUG] Trying uncooked export-serial FMeshDescription path...
[uncooked] Decompressed FMeshDescription: 2,626,994 bytes
[uncooked] Parsed: 6437 vertices, 36288 vertex instances, 0 triangles
[DEBUG] Uncooked path OK: 6437 verts, 12096 tris
[DEBUG] StaticMesh export index: 5
[DEBUG] Trying uncooked export-serial FMeshDescription path...
[uncooked] Decompressed FMeshDescription: 1,114,353 bytes
[uncooked] Parsed: 2753 vertices, 15378 vertex instances, 0 triangles
[DEBUG] Uncooked path OK: 2753 verts, 5126 tris
[DEBUG] StaticMesh export index: 5
[DEBUG] Trying uncooked export-serial FMeshDescription path...
[uncooked] Decompressed FMeshDescription: 1,514,840 bytes
[uncooked] Parsed: 3740 vertices, 20910 vertex instances, 0 triangles
[DEBUG] Uncooked path OK: 3740 verts, 6970 tris
[DEBUG] StaticMesh export index: 5
[DEBUG] Trying uncooked export-serial FMeshDescription path...
[uncooked] Decompressed FMeshDescription: 43,903 bytes
[uncooked] Parsed: 118 vertices, 594 vertex instances, 0 triangles
[DEBUG] Uncooked path OK: 118 verts, 198 tris
[DEBUG] StaticMesh export index: 5
[DEBUG] Trying uncooked export-serial FMeshDescription path...
[uncooked] Decompressed FMeshDescription: 43,903 bytes
[uncooked] Parsed: 118 vertices, 594 vertex instances, 0 triangles
[DEBUG] Uncooked path OK: 118 verts, 198 tris
[DEBUG] StaticMesh export index: 5
[DEBUG] Trying uncooked export-serial FMeshDescription path...
[uncooked] Decompressed FMeshDescription: 23,962 bytes
[uncooked] Parsed: 56 vertices, 324 vertex instances, 0 triangles
[DEBUG] Uncooked path OK: 56 verts, 108 tris
[DEBUG] StaticMesh export index: 5
[DEBUG] Trying uncooked export-serial FMeshDescription path...
[uncooked] Decompressed FMeshDescription: 23,962 bytes
[uncooked] Parsed: 56 vertices, 324 vertex instances, 0 triangles
[DEBUG] Uncooked path OK: 56 verts, 108 tris
[DEBUG] StaticMesh export index: 5
[DEBUG] Trying uncooked export-serial FMeshDescription path...
[uncooked] Decompressed FMeshDescription: 1,883,019 bytes
[uncooked] Parsed: 4908 vertices, 25878 vertex instances, 0 triangles
[DEBUG] Uncooked path OK: 4908 verts, 8626 tris
[DEBUG] StaticMesh export index: 5
[DEBUG] Trying uncooked export-serial FMeshDescription path...
[uncooked] Decompressed FMeshDescription: 4,830,914 bytes
[uncooked] Parsed: 11935 vertices, 66690 vertex instances, 0 triangles
[DEBUG] Uncooked path OK: 11935 verts, 22230 tris
[DEBUG] StaticMesh export index: 5
[DEBUG] Trying uncooked export-serial FMeshDescription path...
[uncooked] Decompressed FMeshDescription: 1,157,828 bytes
[uncooked] Parsed: 3024 vertices, 15906 vertex instances, 0 triangles
[DEBUG] Uncooked path OK: 3024 verts, 5302 tris
[DEBUG] StaticMesh export index: 5
[DEBUG] Trying uncooked export-serial FMeshDescription path...
[uncooked] Decompressed FMeshDescription: 27,849 bytes
[uncooked] Parsed: 65 vertices, 378 vertex instances, 0 triangles
[DEBUG] Uncooked path OK: 65 verts, 126 tris
[DEBUG] StaticMesh export index: 5
[DEBUG] Trying uncooked export-serial FMeshDescription path...
[uncooked] Decompressed FMeshDescription: 18,432 bytes
[uncooked] Parsed: 46 vertices, 246 vertex instances, 0 triangles
[DEBUG] Uncooked path OK: 46 verts, 82 tris
[DEBUG] StaticMesh export index: 5
[DEBUG] Trying uncooked export-serial FMeshDescription path...
[uncooked] Decompressed FMeshDescription: 999,578 bytes
[uncooked] Parsed: 2137 vertices, 12456 vertex instances, 0 triangles
[DEBUG] Uncooked path OK: 2137 verts, 4152 tris
[DEBUG] StaticMesh export index: 5
[DEBUG] Trying uncooked export-serial FMeshDescription path...
[uncooked] Decompressed FMeshDescription: 6,706 bytes
[uncooked] Parsed: 24 vertices, 81 vertex instances, 0 triangles
[DEBUG] Uncooked path OK: 24 verts, 27 tris
[DEBUG] StaticMesh export index: 5
[DEBUG] Trying uncooked export-serial FMeshDescription path...
[uncooked] Decompressed FMeshDescription: 276,602 bytes
[uncooked] Parsed: 644 vertices, 3828 vertex instances, 0 triangles
[DEBUG] Uncooked path OK: 644 verts, 1276 tris
[DEBUG] StaticMesh export index: 5
[DEBUG] Trying uncooked export-serial FMeshDescription path...
[uncooked] Decompressed FMeshDescription: 3,465,022 bytes
[uncooked] Parsed: 8072 vertices, 48036 vertex instances, 0 triangles
[DEBUG] Uncooked path OK: 8072 verts, 16012 tris
[DEBUG] StaticMesh export index: 5
[DEBUG] Trying uncooked export-serial FMeshDescription path...
[uncooked] Decompressed FMeshDescription: 3,465,022 bytes
[uncooked] Parsed: 8072 vertices, 48036 vertex instances, 0 triangles
[DEBUG] Uncooked path OK: 8072 verts, 16012 tris
[DEBUG] StaticMesh export index: 5
[DEBUG] Trying uncooked export-serial FMeshDescription path...
[uncooked] Decompressed FMeshDescription: 443,380 bytes
[uncooked] Parsed: 1020 vertices, 6144 vertex instances, 0 triangles
[DEBUG] Uncooked path OK: 1020 verts, 2048 tris
[DEBUG] StaticMesh export index: 5
[DEBUG] Trying uncooked export-serial FMeshDescription path...
[uncooked] Decompressed FMeshDescription: 1,593,541 bytes
[uncooked] Parsed: 4568 vertices, 21888 vertex instances, 0 triangles
[DEBUG] Uncooked path OK: 4568 verts, 7296 tris
[DEBUG] StaticMesh export index: 5
[DEBUG] Trying uncooked export-serial FMeshDescription path...
[uncooked] Decompressed FMeshDescription: 944,685 bytes
[uncooked] Parsed: 2648 vertices, 12984 vertex instances, 0 triangles
[DEBUG] Uncooked path OK: 2648 verts, 4328 tris
[DEBUG] StaticMesh export index: 5
[DEBUG] Trying uncooked export-serial FMeshDescription path...
[uncooked] Decompressed FMeshDescription: 866,624 bytes
[uncooked] Parsed: 2456 vertices, 11904 vertex instances, 0 triangles
[DEBUG] Uncooked path OK: 2456 verts, 3968 tris
[DEBUG] StaticMesh export index: 5
[DEBUG] Trying uncooked export-serial FMeshDescription path...
[uncooked] Decompressed FMeshDescription: 865,068 bytes
[uncooked] Parsed: 2456 vertices, 11880 vertex instances, 0 triangles
[DEBUG] Uncooked path OK: 2456 verts, 3960 tris
[DEBUG] StaticMesh export index: 5
[DEBUG] Trying uncooked export-serial FMeshDescription path...
[uncooked] Decompressed FMeshDescription: 1,473,791 bytes
[uncooked] Parsed: 3724 vertices, 20304 vertex instances, 0 triangles
[DEBUG] Uncooked path OK: 3724 verts, 6768 tris
[DEBUG] StaticMesh export index: 5
[DEBUG] Trying uncooked export-serial FMeshDescription path...
[uncooked] Decompressed FMeshDescription: 1,473,791 bytes
[uncooked] Parsed: 3724 vertices, 20304 vertex instances, 0 triangles
[DEBUG] Uncooked path OK: 3724 verts, 6768 tris
[DEBUG] StaticMesh export index: 5
[DEBUG] Trying uncooked export-serial FMeshDescription path...
[uncooked] Decompressed FMeshDescription: 378,049 bytes
[uncooked] Parsed: 911 vertices, 5220 vertex instances, 0 triangles
[DEBUG] Uncooked path OK: 911 verts, 1740 tris
[DEBUG] StaticMesh export index: 5
[DEBUG] Trying uncooked export-serial FMeshDescription path...
[uncooked] Decompressed FMeshDescription: 459,604 bytes
[uncooked] Parsed: 1080 vertices, 6360 vertex instances, 0 triangles
[DEBUG] Uncooked path OK: 1080 verts, 2120 tris
[DEBUG] StaticMesh export index: 5
[DEBUG] Trying uncooked export-serial FMeshDescription path...
[uncooked] Decompressed FMeshDescription: 1,032,598 bytes
[uncooked] Parsed: 2565 vertices, 14244 vertex instances, 0 triangles
[DEBUG] Uncooked path OK: 2565 verts, 4748 tris
[DEBUG] StaticMesh export index: 5
[DEBUG] Trying uncooked export-serial FMeshDescription path...
[uncooked] Decompressed FMeshDescription: 207,996 bytes
[uncooked] Parsed: 503 vertices, 2868 vertex instances, 0 triangles
[DEBUG] Uncooked path OK: 503 verts, 956 tris
[DEBUG] StaticMesh export index: 5
[DEBUG] Trying uncooked export-serial FMeshDescription path...
[uncooked] Decompressed FMeshDescription: 1,068,502 bytes
[uncooked] Parsed: 3264 vertices, 14508 vertex instances, 0 triangles
[DEBUG] Uncooked path OK: 3264 verts, 4836 tris
[DEBUG] StaticMesh export index: 5
[DEBUG] Trying uncooked export-serial FMeshDescription path...
[uncooked] Decompressed FMeshDescription: 2,638,012 bytes
[uncooked] Parsed: 6422 vertices, 36456 vertex instances, 0 triangles
[DEBUG] Uncooked path OK: 6422 verts, 12152 tris
[DEBUG] StaticMesh export index: 5
[DEBUG] Trying uncooked export-serial FMeshDescription path...
[uncooked] Decompressed FMeshDescription: 2,951,749 bytes
[uncooked] Parsed: 7309 vertices, 40740 vertex instances, 0 triangles
[DEBUG] Uncooked path OK: 7309 verts, 13580 tris
[DEBUG] StaticMesh export index: 5
[DEBUG] Trying uncooked export-serial FMeshDescription path...
[uncooked] Decompressed FMeshDescription: 8,517 bytes
[uncooked] Parsed: 25 vertices, 96 vertex instances, 0 triangles
[DEBUG] Uncooked path OK: 25 verts, 32 tris
[DEBUG] StaticMesh export index: 5
[DEBUG] Trying uncooked export-serial FMeshDescription path...
[uncooked] Decompressed FMeshDescription: 10,469 bytes
[uncooked] Parsed: 30 vertices, 120 vertex instances, 0 triangles
[DEBUG] Uncooked path OK: 30 verts, 40 tris
[DEBUG] StaticMesh export index: 5
[DEBUG] Trying uncooked export-serial FMeshDescription path...
[uncooked] Decompressed FMeshDescription: 42,995 bytes
[uncooked] Parsed: 100 vertices, 588 vertex instances, 0 triangles
[DEBUG] Uncooked path OK: 100 verts, 196 tris
[DEBUG] StaticMesh export index: 5
[DEBUG] Trying uncooked export-serial FMeshDescription path...
[uncooked] Decompressed FMeshDescription: 157,130 bytes
[uncooked] Parsed: 370 vertices, 2169 vertex instances, 0 triangles
[DEBUG] Uncooked path OK: 370 verts, 723 tris
[DEBUG] StaticMesh export index: 5
[DEBUG] Trying uncooked export-serial FMeshDescription path...
[uncooked] Decompressed FMeshDescription: 368,701 bytes
[uncooked] Parsed: 787 vertices, 4590 vertex instances, 0 triangles
[DEBUG] Uncooked path OK: 787 verts, 1530 tris
[DEBUG] StaticMesh export index: 5
[DEBUG] Trying uncooked export-serial FMeshDescription path...
[uncooked] Decompressed FMeshDescription: 34,338 bytes
[uncooked] Parsed: 80 vertices, 468 vertex instances, 0 triangles
[DEBUG] Uncooked path OK: 80 verts, 156 tris
[DEBUG] StaticMesh export index: 5
[DEBUG] Trying uncooked export-serial FMeshDescription path...
[uncooked] Decompressed FMeshDescription: 83,209 bytes
[uncooked] Parsed: 193 vertices, 1146 vertex instances, 0 triangles
[DEBUG] Uncooked path OK: 193 verts, 382 tris
[DEBUG] StaticMesh export index: 5
[DEBUG] Trying uncooked export-serial FMeshDescription path...
[uncooked] Decompressed FMeshDescription: 69,800 bytes
[uncooked] Parsed: 162 vertices, 960 vertex instances, 0 triangles
[DEBUG] Uncooked path OK: 162 verts, 320 tris
[DEBUG] StaticMesh export index: 5
[DEBUG] Trying uncooked export-serial FMeshDescription path...
[uncooked] Decompressed FMeshDescription: 1,064,691 bytes
[uncooked] Parsed: 2568 vertices, 14718 vertex instances, 0 triangles
[DEBUG] Uncooked path OK: 2568 verts, 4906 tris
[DEBUG] StaticMesh export index: 5
[DEBUG] Trying uncooked export-serial FMeshDescription path...
[uncooked] Decompressed FMeshDescription: 2,609,943 bytes
[uncooked] Parsed: 6600 vertices, 35958 vertex instances, 0 triangles
[DEBUG] Uncooked path OK: 6600 verts, 11986 tris
[DEBUG] StaticMesh export index: 5
[DEBUG] Trying uncooked export-serial FMeshDescription path...
[uncooked] Decompressed FMeshDescription: 2,544,723 bytes
[uncooked] Parsed: 6134 vertices, 35190 vertex instances, 0 triangles
[DEBUG] Uncooked path OK: 6134 verts, 11730 tris
[DEBUG] StaticMesh export index: 5
[DEBUG] Trying uncooked export-serial FMeshDescription path...
[uncooked] Decompressed FMeshDescription: 23,983 bytes
[uncooked] Parsed: 56 vertices, 324 vertex instances, 0 triangles
[DEBUG] Uncooked path OK: 56 verts, 108 tris
[DEBUG] StaticMesh export index: 5
[DEBUG] Trying uncooked export-serial FMeshDescription path...
[uncooked] Decompressed FMeshDescription: 349,202 bytes
[uncooked] Parsed: 808 vertices, 4836 vertex instances, 0 triangles
[DEBUG] Uncooked path OK: 808 verts, 1612 tris
[DEBUG] StaticMesh export index: 5
[DEBUG] Trying uncooked export-serial FMeshDescription path...
[uncooked] Decompressed FMeshDescription: 23,983 bytes
[uncooked] Parsed: 56 vertices, 324 vertex instances, 0 triangles
[DEBUG] Uncooked path OK: 56 verts, 108 tris
[DEBUG] StaticMesh export index: 5
[DEBUG] Trying uncooked export-serial FMeshDescription path...
[uncooked] Decompressed FMeshDescription: 443,348 bytes
[uncooked] Parsed: 1018 vertices, 6144 vertex instances, 0 triangles
[DEBUG] Uncooked path OK: 1018 verts, 2048 tris
[DEBUG] StaticMesh export index: 5
[DEBUG] Trying uncooked export-serial FMeshDescription path...
[uncooked] Decompressed FMeshDescription: 859,582 bytes
[uncooked] Parsed: 2113 vertices, 11862 vertex instances, 0 triangles
[DEBUG] Uncooked path OK: 2113 verts, 3954 tris
[DEBUG] StaticMesh export index: 5
[DEBUG] Trying uncooked export-serial FMeshDescription path...
[uncooked] Decompressed FMeshDescription: 466,056 bytes
[uncooked] Parsed: 1179 vertices, 6414 vertex instances, 0 triangles
[DEBUG] Uncooked path OK: 1179 verts, 2138 tris
[DEBUG] StaticMesh export index: 5
[DEBUG] Trying uncooked export-serial FMeshDescription path...
[uncooked] Decompressed FMeshDescription: 1,026,003 bytes
[uncooked] Parsed: 2545 vertices, 14154 vertex instances, 0 triangles
[DEBUG] Uncooked path OK: 2545 verts, 4718 tris
[DEBUG] StaticMesh export index: 5
[DEBUG] Trying uncooked export-serial FMeshDescription path...
[uncooked] Decompressed FMeshDescription: 202,930 bytes
[uncooked] Parsed: 494 vertices, 2796 vertex instances, 0 triangles
[DEBUG] Uncooked path OK: 494 verts, 932 tris
[DEBUG] StaticMesh export index: 5
[DEBUG] Trying uncooked export-serial FMeshDescription path...
[uncooked] Decompressed FMeshDescription: 423,531 bytes
[uncooked] Parsed: 989 vertices, 5862 vertex instances, 0 triangles
[DEBUG] Uncooked path OK: 989 verts, 1954 tris
[DEBUG] StaticMesh export index: 5
[DEBUG] Trying uncooked export-serial FMeshDescription path...
[uncooked] Decompressed FMeshDescription: 190,684 bytes
[uncooked] Parsed: 462 vertices, 2628 vertex instances, 0 triangles
[DEBUG] Uncooked path OK: 462 verts, 876 tris
[DEBUG] StaticMesh export index: 5
[DEBUG] Trying uncooked export-serial FMeshDescription path...
[uncooked] Decompressed FMeshDescription: 1,121,664 bytes
[uncooked] Parsed: 2970 vertices, 15390 vertex instances, 0 triangles
[DEBUG] Uncooked path OK: 2970 verts, 5130 tris
[DEBUG] StaticMesh export index: 5
[DEBUG] Trying uncooked export-serial FMeshDescription path...
[uncooked] Decompressed FMeshDescription: 1,925,751 bytes
[uncooked] Parsed: 5042 vertices, 26451 vertex instances, 0 triangles
[DEBUG] Uncooked path OK: 5042 verts, 8817 tris
[DEBUG] StaticMesh export index: 5
[DEBUG] Trying uncooked export-serial FMeshDescription path...
[uncooked] Decompressed FMeshDescription: 500,145 bytes
[uncooked] Parsed: 1157 vertices, 6930 vertex instances, 0 triangles
[DEBUG] Uncooked path OK: 1157 verts, 2310 tris
[DEBUG] StaticMesh export index: 5
[DEBUG] Trying uncooked export-serial FMeshDescription path...
[uncooked] Decompressed FMeshDescription: 36,070 bytes
[uncooked] Parsed: 84 vertices, 492 vertex instances, 0 triangles
[DEBUG] Uncooked path OK: 84 verts, 164 tris
[DEBUG] StaticMesh export index: 5
[DEBUG] Trying uncooked export-serial FMeshDescription path...
[uncooked] Decompressed FMeshDescription: 189,927 bytes
[uncooked] Parsed: 396 vertices, 2364 vertex instances, 0 triangles
[DEBUG] Uncooked path OK: 396 verts, 788 tris
[DEBUG] StaticMesh export index: 5
[DEBUG] Trying uncooked export-serial FMeshDescription path...
[uncooked] Decompressed FMeshDescription: 220,679 bytes
[uncooked] Parsed: 460 vertices, 2748 vertex instances, 0 triangles
[DEBUG] Uncooked path OK: 460 verts, 916 tris
[DEBUG] StaticMesh export index: 5
[DEBUG] Trying uncooked export-serial FMeshDescription path...
[uncooked] Decompressed FMeshDescription: 3,121,896 bytes
[uncooked] Parsed: 7313 vertices, 43260 vertex instances, 0 triangles
[DEBUG] Uncooked path OK: 7313 verts, 14420 tris
[DEBUG] StaticMesh export index: 5
[DEBUG] Trying uncooked export-serial FMeshDescription path...
[uncooked] Decompressed FMeshDescription: 61,724 bytes
[uncooked] Parsed: 161 vertices, 840 vertex instances, 0 triangles
[DEBUG] Uncooked path OK: 161 verts, 280 tris
[DEBUG] StaticMesh export index: 5
[DEBUG] Trying uncooked export-serial FMeshDescription path...
[uncooked] Decompressed FMeshDescription: 1,085,668 bytes
[uncooked] Parsed: 2618 vertices, 14997 vertex instances, 0 triangles
[DEBUG] Uncooked path OK: 2618 verts, 4999 tris
[DEBUG] StaticMesh export index: 5
[DEBUG] Trying uncooked export-serial FMeshDescription path...
[uncooked] Decompressed FMeshDescription: 1,087,340 bytes
[uncooked] Parsed: 2689 vertices, 15000 vertex instances, 0 triangles
[DEBUG] Uncooked path OK: 2689 verts, 5000 tris
[DEBUG] StaticMesh export index: 5
[DEBUG] Trying uncooked export-serial FMeshDescription path...
[uncooked] Decompressed FMeshDescription: 113,056 bytes
[uncooked] Parsed: 262 vertices, 1560 vertex instances, 0 triangles
[DEBUG] Uncooked path OK: 262 verts, 520 tris
[DEBUG] StaticMesh export index: 5
[DEBUG] Trying uncooked export-serial FMeshDescription path...
[uncooked] Decompressed FMeshDescription: 1,575,164 bytes
[uncooked] Parsed: 3760 vertices, 21792 vertex instances, 0 triangles
[DEBUG] Uncooked path OK: 3760 verts, 7264 tris
[DEBUG] StaticMesh export index: 5
[DEBUG] Trying uncooked export-serial FMeshDescription path...
[uncooked] Decompressed FMeshDescription: 1,832,103 bytes
[uncooked] Parsed: 3841 vertices, 20670 vertex instances, 0 triangles
[DEBUG] Uncooked path OK: 3841 verts, 6890 tris
[DEBUG] StaticMesh export index: 5
[DEBUG] Trying uncooked export-serial FMeshDescription path...
[uncooked] Decompressed FMeshDescription: 263,434 bytes
[uncooked] Parsed: 651 vertices, 3630 vertex instances, 0 triangles
[DEBUG] Uncooked path OK: 651 verts, 1210 tris
[DEBUG] StaticMesh export index: 5
[DEBUG] Trying uncooked export-serial FMeshDescription path...
[uncooked] Decompressed FMeshDescription: 42,153 bytes
[uncooked] Parsed: 184 vertices, 540 vertex instances, 0 triangles
[DEBUG] Uncooked path OK: 184 verts, 180 tris
[DEBUG] StaticMesh export index: 5
[DEBUG] Trying uncooked export-serial FMeshDescription path...
[uncooked] Decompressed FMeshDescription: 528,335 bytes
[uncooked] Parsed: 1289 vertices, 7296 vertex instances, 0 triangles
[DEBUG] Uncooked path OK: 1289 verts, 2432 tris
[DEBUG] StaticMesh export index: 5
[DEBUG] Trying uncooked export-serial FMeshDescription path...
[uncooked] Decompressed FMeshDescription: 167,614 bytes
[uncooked] Parsed: 426 vertices, 2304 vertex instances, 0 triangles
[DEBUG] Uncooked path OK: 426 verts, 768 tris
[DEBUG] StaticMesh export index: 5
[DEBUG] Trying uncooked export-serial FMeshDescription path...
[uncooked] Decompressed FMeshDescription: 4,471,642 bytes
[uncooked] Parsed: 11142 vertices, 61692 vertex instances, 0 triangles
[DEBUG] Uncooked path OK: 11142 verts, 20564 tris
[DEBUG] StaticMesh export index: 5
[DEBUG] Trying uncooked export-serial FMeshDescription path...
[uncooked] Decompressed FMeshDescription: 2,237,954 bytes
[uncooked] Parsed: 5579 vertices, 30870 vertex instances, 0 triangles
[DEBUG] Uncooked path OK: 5579 verts, 10290 tris
[DEBUG] StaticMesh export index: 5
[DEBUG] Trying uncooked export-serial FMeshDescription path...
[uncooked] Decompressed FMeshDescription: 7,585,044 bytes
[uncooked] Parsed: 18924 vertices, 104640 vertex instances, 0 triangles
[DEBUG] Uncooked path OK: 18924 verts, 34880 tris
[DEBUG] StaticMesh export index: 5
[DEBUG] Trying uncooked export-serial FMeshDescription path...
[uncooked] Decompressed FMeshDescription: 167,849 bytes
[uncooked] Parsed: 425 vertices, 2304 vertex instances, 0 triangles
[DEBUG] Uncooked path OK: 425 verts, 768 tris
[DEBUG] StaticMesh export index: 5
[DEBUG] Trying uncooked export-serial FMeshDescription path...
[uncooked] Decompressed FMeshDescription: 555,340 bytes
[uncooked] Parsed: 1320 vertices, 7680 vertex instances, 0 triangles
[DEBUG] Uncooked path OK: 1320 verts, 2560 tris
[DEBUG] StaticMesh export index: 5
[DEBUG] Trying uncooked export-serial FMeshDescription path...
[uncooked] Decompressed FMeshDescription: 734,651 bytes
[uncooked] Parsed: 1992 vertices, 10056 vertex instances, 0 triangles
[DEBUG] Uncooked path OK: 1992 verts, 3352 tris
[DEBUG] StaticMesh export index: 5
[DEBUG] Trying uncooked export-serial FMeshDescription path...
[uncooked] Decompressed FMeshDescription: 693,965 bytes
[uncooked] Parsed: 1896 vertices, 9492 vertex instances, 0 triangles
[DEBUG] Uncooked path OK: 1896 verts, 3164 tris
[DEBUG] StaticMesh export index: 5
[DEBUG] Trying uncooked export-serial FMeshDescription path...
[uncooked] Decompressed FMeshDescription: 439,045 bytes
[uncooked] Parsed: 1232 vertices, 5988 vertex instances, 0 triangles
[DEBUG] Uncooked path OK: 1232 verts, 1996 tris
[DEBUG] StaticMesh export index: 5
[DEBUG] Trying uncooked export-serial FMeshDescription path...
[uncooked] Decompressed FMeshDescription: 398,343 bytes
[uncooked] Parsed: 1136 vertices, 5424 vertex instances, 0 triangles
[DEBUG] Uncooked path OK: 1136 verts, 1808 tris
[DEBUG] StaticMesh export index: 5
[DEBUG] Trying uncooked export-serial FMeshDescription path...
[uncooked] Decompressed FMeshDescription: 1,226,423 bytes
[uncooked] Parsed: 3228 vertices, 16836 vertex instances, 0 triangles
[DEBUG] Uncooked path OK: 3228 verts, 5612 tris
[DEBUG] StaticMesh export index: 5
[DEBUG] Trying uncooked export-serial FMeshDescription path...
[uncooked] Decompressed FMeshDescription: 1,063,659 bytes
[uncooked] Parsed: 2844 vertices, 14580 vertex instances, 0 triangles
[DEBUG] Uncooked path OK: 2844 verts, 4860 tris
[DEBUG] StaticMesh export index: 5
[DEBUG] Trying uncooked export-serial FMeshDescription path...
[uncooked] Decompressed FMeshDescription: 1,145,047 bytes
[uncooked] Parsed: 3036 vertices, 15708 vertex instances, 0 triangles
[DEBUG] Uncooked path OK: 3036 verts, 5236 tris
[DEBUG] StaticMesh export index: 5
[DEBUG] Trying uncooked export-serial FMeshDescription path...
[uncooked] Decompressed FMeshDescription: 392,930 bytes
[uncooked] Parsed: 934 vertices, 5436 vertex instances, 0 triangles
[DEBUG] Uncooked path OK: 934 verts, 1812 tris
[DEBUG] StaticMesh export index: 5
[DEBUG] Trying uncooked export-serial FMeshDescription path...
[uncooked] Decompressed FMeshDescription: 392,930 bytes
[uncooked] Parsed: 934 vertices, 5436 vertex instances, 0 triangles
[DEBUG] Uncooked path OK: 934 verts, 1812 tris
[DEBUG] StaticMesh export index: 5
[DEBUG] Trying uncooked export-serial FMeshDescription path...
[uncooked] Decompressed FMeshDescription: 1,113,862 bytes
[uncooked] Parsed: 2666 vertices, 15420 vertex instances, 0 triangles
[DEBUG] Uncooked path OK: 2666 verts, 5140 tris
[DEBUG] StaticMesh export index: 5
[DEBUG] Trying uncooked export-serial FMeshDescription path...
[uncooked] Decompressed FMeshDescription: 167,849 bytes
[uncooked] Parsed: 425 vertices, 2304 vertex instances, 0 triangles
[DEBUG] Uncooked path OK: 425 verts, 768 tris
[DEBUG] StaticMesh export index: 5
[DEBUG] Trying uncooked export-serial FMeshDescription path...
[uncooked] Decompressed FMeshDescription: 2,725 bytes
[uncooked] Parsed: 12 vertices, 24 vertex instances, 0 triangles
[DEBUG] Uncooked path OK: 12 verts, 8 tris
[DEBUG] StaticMesh export index: 5
[DEBUG] Trying uncooked export-serial FMeshDescription path...
[uncooked] Decompressed FMeshDescription: 1,591 bytes
[uncooked] Parsed: 8 vertices, 12 vertex instances, 0 triangles
[DEBUG] Uncooked path OK: 8 verts, 4 tris
[DEBUG] StaticMesh export index: 5
[DEBUG] Trying uncooked export-serial FMeshDescription path...
[uncooked] Decompressed FMeshDescription: 744,532 bytes
[uncooked] Parsed: 1860 vertices, 10260 vertex instances, 0 triangles
[DEBUG] Uncooked path OK: 1860 verts, 3420 tris
[DEBUG] StaticMesh export index: 5
[DEBUG] Trying uncooked export-serial FMeshDescription path...
[uncooked] Decompressed FMeshDescription: 904,441 bytes
[uncooked] Parsed: 2240 vertices, 12474 vertex instances, 0 triangles
[DEBUG] Uncooked path OK: 2240 verts, 4158 tris
[DEBUG] StaticMesh export index: 5
[DEBUG] Trying uncooked export-serial FMeshDescription path...
[uncooked] Decompressed FMeshDescription: 112,238 bytes
[uncooked] Parsed: 289 vertices, 1536 vertex instances, 0 triangles
[DEBUG] Uncooked path OK: 289 verts, 512 tris
[DEBUG] StaticMesh export index: 5
[DEBUG] Trying uncooked export-serial FMeshDescription path...
[uncooked] Decompressed FMeshDescription: 112,238 bytes
[uncooked] Parsed: 289 vertices, 1536 vertex instances, 0 triangles
[DEBUG] Uncooked path OK: 289 verts, 512 tris
[DEBUG] StaticMesh export index: 5
[DEBUG] Trying uncooked export-serial FMeshDescription path...
[uncooked] Decompressed FMeshDescription: 29,271 bytes
[uncooked] Parsed: 99 vertices, 384 vertex instances, 0 triangles
[DEBUG] Uncooked path OK: 99 verts, 128 tris
[DEBUG] StaticMesh export index: 5
[DEBUG] Trying uncooked export-serial FMeshDescription path...
[uncooked] Decompressed FMeshDescription: 112,237 bytes
[uncooked] Parsed: 289 vertices, 1536 vertex instances, 0 triangles
[DEBUG] Uncooked path OK: 289 verts, 512 tris
[DEBUG] StaticMesh export index: 5
[DEBUG] Trying uncooked export-serial FMeshDescription path...
[uncooked] Decompressed FMeshDescription: 112,474 bytes
[uncooked] Parsed: 297 vertices, 1536 vertex instances, 0 triangles
[DEBUG] Uncooked path OK: 297 verts, 512 tris
[DEBUG] StaticMesh export index: 5
[DEBUG] Trying uncooked export-serial FMeshDescription path...
[uncooked] Decompressed FMeshDescription: 70,867 bytes
[uncooked] Parsed: 198 vertices, 960 vertex instances, 0 triangles
[DEBUG] Uncooked path OK: 198 verts, 320 tris
[DEBUG] StaticMesh export index: 5
[DEBUG] Trying uncooked export-serial FMeshDescription path...
[uncooked] Decompressed FMeshDescription: 306,639 bytes
[uncooked] Parsed: 759 vertices, 4224 vertex instances, 0 triangles
[DEBUG] Uncooked path OK: 759 verts, 1408 tris
[DEBUG] StaticMesh export index: 5
[DEBUG] Trying uncooked export-serial FMeshDescription path...
[uncooked] Decompressed FMeshDescription: 306,639 bytes
[uncooked] Parsed: 759 vertices, 4224 vertex instances, 0 triangles
[DEBUG] Uncooked path OK: 759 verts, 1408 tris
[DEBUG] StaticMesh export index: 5
[DEBUG] Trying uncooked export-serial FMeshDescription path...
[uncooked] Decompressed FMeshDescription: 84,441 bytes
[uncooked] Parsed: 221 vertices, 1152 vertex instances, 0 triangles
[DEBUG] Uncooked path OK: 221 verts, 384 tris
[DEBUG] StaticMesh export index: 5
[DEBUG] Trying uncooked export-serial FMeshDescription path...
[uncooked] Decompressed FMeshDescription: 306,816 bytes
[uncooked] Parsed: 765 vertices, 4224 vertex instances, 0 triangles
[DEBUG] Uncooked path OK: 765 verts, 1408 tris
[DEBUG] StaticMesh export index: 5
[DEBUG] Trying uncooked export-serial FMeshDescription path...
[uncooked] Decompressed FMeshDescription: 334,629 bytes
[uncooked] Parsed: 833 vertices, 4608 vertex instances, 0 triangles
[DEBUG] Uncooked path OK: 833 verts, 1536 tris
[DEBUG] StaticMesh export index: 5
[DEBUG] Trying uncooked export-serial FMeshDescription path...
[uncooked] Decompressed FMeshDescription: 445,333 bytes
[uncooked] Parsed: 1089 vertices, 6144 vertex instances, 0 triangles
[DEBUG] Uncooked path OK: 1089 verts, 2048 tris
Export complete: 157 meshes, 181 textures
Texture binding: 132/157 meshes with embedded texture (84.1%)
